[96m[100m[1m [96m[100m[4mF[96m[100m[24mile [90m[106m [90m[106m[4mE[90m[106m[24mdit  [90m[106m[4mV[90m[106m[24miew  [90m[106m[4mO[90m[106m[24mptions  [90m[106m[4mH[90m[106m[24melp                [96m[100m[22m <untitled> 
[96m[100m[1m [96m[100m[4mN[96m[100m[24mew               New file        [96m[100m[4mCtrl+N[96m[100m[24m [39m[49m[22m                  
[90m[106m[1m [90m[106m[4mO[90m[106m[24mpen...        Open a file        [90m[106m[4mCtrl+O[90m[106m[24m [39m[49m[22m                  
[90m[106m[1m [90m[106m[4mS[90m[106m[24mave             Save file        [90m[106m[4mCtrl+S[90m[106m[24m [39m[49m[22m                  
[90m[106m[1m Save [90m[106m[4mA[90m[106m[24ms...    Save file as  [90m[106m[4mCtrl+Shift+S[90m[106m[24m [39m[49m[22m                  
[90m[106m[1m──────────────────────────────────────────[39m[49m[22m                  
[90m[106m[1m E[90m[106m[4mx[90m[106m[24mit  Exit the application           [90m[106m[4mEsc[90m[106m[24m [39m[49m[22m                  
                                                            
                                                            
                                                            
                                                            
[90m[106m[1m Plain Text │ Default       ▼ ││ INS │          Ln 1, Col 1 
