[39m[49mhello world                                                 
foo bar  [96m[100m┏┥Find / Replace┝━━━━━━━━━━━━━━━━━━━━━━━┓[39m[49m          
         [96m[100m┃╭────╮───────╮                         ┃[93m[40m [39m[49m         
         [96m[100m┃│[96m[100m[4mF[96m[100m[24mind│[96m[100m[4mR[96m[100m[24meplace│                         ┃[93m[40m [39m[49m         
         [96m[100m┃│    ╰───────┴────────────────────────╮┃[93m[40m [39m[49m         
         [96m[100m┃│                                     │┃[93m[40m [39m[49m         
         [96m[100m┃│ F[96m[100m[4mi[96m[100m[24mnd:     [96m[100m                        [96m[100m  │┃[93m[40m [39m[49m         
         [96m[100m┃│                                     │┃[93m[40m [39m[49m         
         [96m[100m┃│ ⟦► Find [96m[100m[4mN[96m[100m[24mext ◄⟧[30m[100m▖[96m[100m ⟦ Find [96m[100m[4mP[96m[100m[24mrevious ⟧[30m[100m▖[96m[100m │┃[93m[40m [39m[49m         
         [96m[100m┃│ [30m[100m▝▀▀▀▀▀▀▀▀▀▀▀▀▀▀▘[96m[100m [30m[100m▝▀▀▀▀▀▀▀▀▀▀▀▀▀▀▀▀▘[96m[100m │┃[93m[40m [39m[49m         
         [96m[100m┃│                                     │┃[93m[40m [39m[49m         
         [96m[100m┃│                                     │┃[93m[40m [39m[49m         
         [96m[100m┃╰─────────────────────────────────────╯┃[93m[40m [39m[49m         
         [96m[100m┃ ☐ Match [96m[100m[4mc[96m[100m[24mase  ☐ [96m[100m[4mW[96m[100m[24mhole word  ☐ Reg[96m[100m[4me[96m[100m[24mx   ┃[93m[40m [39m[49m         
         [96m[100m┃                                       ┃[93m[40m [39m[49m         
         [96m[100m┃                           ⟦► [96m[100m[4mC[96m[100m[24mlose ◄⟧[30m[100m▖[96m[100m┃[93m[40m [39m[49m         
         [96m[100m┃                           [30m[100m▝▀▀▀▀▀▀▀▀▀▀▘[96m[100m┃[93m[40m [39m[49m         
         [96m[100m┗━━━━━━━━━━━━━━━━━━━━━━━━━━━━━━━━━━━━━━━┛[93m[40m [39m[49m         
          [93m[40m                                         [39m[49m         
                                                            
