[91m[40m# Heading[97m[40m                                                                       
[96m[40m[link](]8;;https://example.com\https://example.com]8;;\)[97m[40m                                                     
                                                                                
                                                                                
                                                                                
                                                                                
                                                                                
                                                                                
                                                                                
                                                                                
                                                                                
                                                                                
                                                                                
                                                                                
                                                                                
                                                                                
                                                                                
                                                                                
                                                                                
                                                                                
                                                                                
                                                                                
                                                                                
                                                                                
